<?xml version="1.0" encoding="UTF-8"?>
<testsuites>
  <testsuite name="" tests="56" assertions="63" errors="0" warnings="0" failures="0" skipped="2" time="0.008765">
    <testsuite name="Facial Plugin Test Suite" tests="56" assertions="63" errors="0" warnings="0" failures="0" skipped="2" time="0.008765">
      <testsuite name="ApiIntegrationFunctionsTest" file="/opt/docker/tkf-piwigo-tkf-srv-01/www/plugins/facial/tests/ApiIntegrationFunctionsTest.php" tests="15" assertions="15" errors="0" warnings="0" failures="0" skipped="0" time="0.005611">
        <testcase name="testFacialGetSubjectsWithValidConfig" class="ApiIntegrationFunctionsTest" classname="ApiIntegrationFunctionsTest" file="/opt/docker/tkf-piwigo-tkf-srv-01/www/plugins/facial/tests/ApiIntegrationFunctionsTest.php" line="23" assertions="1" time="0.003092"/>
        <testcase name="testFacialDeleteSubjectWithValidSubject" class="ApiIntegrationFunctionsTest" classname="ApiIntegrationFunctionsTest" file="/opt/docker/tkf-piwigo-tkf-srv-01/www/plugins/facial/tests/ApiIntegrationFunctionsTest.php" line="40" assertions="1" time="0.000378"/>
        <testcase name="testFacialDeleteSubjectWithEmptySubject" class="ApiIntegrationFunctionsTest" classname="ApiIntegrationFunctionsTest" file="/opt/docker/tkf-piwigo-tkf-srv-01/www/plugins/facial/tests/ApiIntegrationFunctionsTest.php" line="54" assertions="1" time="0.000277"/>
        <testcase name="testFacialAddSubjectWithValidSubject" class="ApiIntegrationFunctionsTest" classname="ApiIntegrationFunctionsTest" file="/opt/docker/tkf-piwigo-tkf-srv-01/www/plugins/facial/tests/ApiIntegrationFunctionsTest.php" line="68" assertions="1" time="0.000277"/>
        <testcase name="testFacialAddSubjectWithSpecialCharacters" class="ApiIntegrationFunctionsTest" classname="ApiIntegrationFunctionsTest" file="/opt/docker/tkf-piwigo-tkf-srv-01/www/plugins/facial/tests/ApiIntegrationFunctionsTest.php" line="82" assertions="1" time="0.000261"/>
        <testcase name="testFacialRenameSubjectWithValidNames" class="ApiIntegrationFunctionsTest" classname="ApiIntegrationFunctionsTest" file="/opt/docker/tkf-piwigo-tkf-srv-01/www/plugins/facial/tests/ApiIntegrationFunctionsTest.php" line="96" assertions="1" time="0.000152"/>
        <testcase name="testFacialComprefaceAddExampleWithValidData" class="ApiIntegrationFunctionsTest" classname="ApiIntegrationFunctionsTest" file="/opt/docker/tkf-piwigo-tkf-srv-01/www/plugins/facial/tests/ApiIntegrationFunctionsTest.php" line="111" assertions="1" time="0.000281"/>
        <testcase name="testFacialRecognizeFaceWithValidBase64" class="ApiIntegrationFunctionsTest" classname="ApiIntegrationFunctionsTest" file="/opt/docker/tkf-piwigo-tkf-srv-01/www/plugins/facial/tests/ApiIntegrationFunctionsTest.php" line="127" assertions="1" time="0.000251"/>
        <testcase name="testFacialRecognizeFaceWithEmptyImage" class="ApiIntegrationFunctionsTest" classname="ApiIntegrationFunctionsTest" file="/opt/docker/tkf-piwigo-tkf-srv-01/www/plugins/facial/tests/ApiIntegrationFunctionsTest.php" line="143" assertions="1" time="0.000125"/>
        <testcase name="testFacialRecognizeFaceWithInvalidBase64" class="ApiIntegrationFunctionsTest" classname="ApiIntegrationFunctionsTest" file="/opt/docker/tkf-piwigo-tkf-srv-01/www/plugins/facial/tests/ApiIntegrationFunctionsTest.php" line="149" assertions="1" time="0.000311"/>
        <testcase name="testFacialRecognizeFacesAllWithValidPath" class="ApiIntegrationFunctionsTest" classname="ApiIntegrationFunctionsTest" file="/opt/docker/tkf-piwigo-tkf-srv-01/www/plugins/facial/tests/ApiIntegrationFunctionsTest.php" line="163" assertions="1" time="0.000043"/>
        <testcase name="testFacialRecognizeFacesByImageIdWithValidId" class="ApiIntegrationFunctionsTest" classname="ApiIntegrationFunctionsTest" file="/opt/docker/tkf-piwigo-tkf-srv-01/www/plugins/facial/tests/ApiIntegrationFunctionsTest.php" line="178" assertions="1" time="0.000043"/>
        <testcase name="testFacialRecognizeFacesByImageIdWithInvalidId" class="ApiIntegrationFunctionsTest" classname="ApiIntegrationFunctionsTest" file="/opt/docker/tkf-piwigo-tkf-srv-01/www/plugins/facial/tests/ApiIntegrationFunctionsTest.php" line="192" assertions="1" time="0.000038"/>
        <testcase name="testFacialDetectAndStoreFacesWithValidImageId" class="ApiIntegrationFunctionsTest" classname="ApiIntegrationFunctionsTest" file="/opt/docker/tkf-piwigo-tkf-srv-01/www/plugins/facial/tests/ApiIntegrationFunctionsTest.php" line="198" assertions="1" time="0.000043"/>
        <testcase name="testFacialDetectAndStoreFacesWithOverwriteFlag" class="ApiIntegrationFunctionsTest" classname="ApiIntegrationFunctionsTest" file="/opt/docker/tkf-piwigo-tkf-srv-01/www/plugins/facial/tests/ApiIntegrationFunctionsTest.php" line="212" assertions="1" time="0.000038"/>
      </testsuite>
      <testsuite name="ConfigurationFunctionsTest" file="/opt/docker/tkf-piwigo-tkf-srv-01/www/plugins/facial/tests/ConfigurationFunctionsTest.php" tests="10" assertions="10" errors="0" warnings="0" failures="0" skipped="0" time="0.000617">
        <testcase name="testFacialGetRecognitionApiKeyWithValidConfig" class="ConfigurationFunctionsTest" classname="ConfigurationFunctionsTest" file="/opt/docker/tkf-piwigo-tkf-srv-01/www/plugins/facial/tests/ConfigurationFunctionsTest.php" line="17" assertions="1" time="0.000287"/>
        <testcase name="testFacialGetRecognitionApiKeyWithEmptyConfig" class="ConfigurationFunctionsTest" classname="ConfigurationFunctionsTest" file="/opt/docker/tkf-piwigo-tkf-srv-01/www/plugins/facial/tests/ConfigurationFunctionsTest.php" line="28" assertions="1" time="0.000038"/>
        <testcase name="testFacialGetDetectionApiKeyWithValidConfig" class="ConfigurationFunctionsTest" classname="ConfigurationFunctionsTest" file="/opt/docker/tkf-piwigo-tkf-srv-01/www/plugins/facial/tests/ConfigurationFunctionsTest.php" line="37" assertions="1" time="0.000039"/>
        <testcase name="testFacialGetDetectionApiKeyWithEmptyConfig" class="ConfigurationFunctionsTest" classname="ConfigurationFunctionsTest" file="/opt/docker/tkf-piwigo-tkf-srv-01/www/plugins/facial/tests/ConfigurationFunctionsTest.php" line="48" assertions="1" time="0.000034"/>
        <testcase name="testFacialGetVerificationApiKeyWithValidConfig" class="ConfigurationFunctionsTest" classname="ConfigurationFunctionsTest" file="/opt/docker/tkf-piwigo-tkf-srv-01/www/plugins/facial/tests/ConfigurationFunctionsTest.php" line="57" assertions="1" time="0.000037"/>
        <testcase name="testFacialGetVerificationApiKeyWithEmptyConfig" class="ConfigurationFunctionsTest" classname="ConfigurationFunctionsTest" file="/opt/docker/tkf-piwigo-tkf-srv-01/www/plugins/facial/tests/ConfigurationFunctionsTest.php" line="68" assertions="1" time="0.000033"/>
        <testcase name="testFacialGetApiBaseUrlWithHttpsEnabled" class="ConfigurationFunctionsTest" classname="ConfigurationFunctionsTest" file="/opt/docker/tkf-piwigo-tkf-srv-01/www/plugins/facial/tests/ConfigurationFunctionsTest.php" line="77" assertions="1" time="0.000034"/>
        <testcase name="testFacialGetApiBaseUrlWithHttpsDisabled" class="ConfigurationFunctionsTest" classname="ConfigurationFunctionsTest" file="/opt/docker/tkf-piwigo-tkf-srv-01/www/plugins/facial/tests/ConfigurationFunctionsTest.php" line="90" assertions="1" time="0.000050"/>
        <testcase name="testFacialGetApiBaseUrlWithDefaults" class="ConfigurationFunctionsTest" classname="ConfigurationFunctionsTest" file="/opt/docker/tkf-piwigo-tkf-srv-01/www/plugins/facial/tests/ConfigurationFunctionsTest.php" line="103" assertions="1" time="0.000033"/>
        <testcase name="testFacialGetApiBaseUrlWithPartialConfig" class="ConfigurationFunctionsTest" classname="ConfigurationFunctionsTest" file="/opt/docker/tkf-piwigo-tkf-srv-01/www/plugins/facial/tests/ConfigurationFunctionsTest.php" line="112" assertions="1" time="0.000032"/>
      </testsuite>
      <testsuite name="DatabaseFunctionsTest" file="/opt/docker/tkf-piwigo-tkf-srv-01/www/plugins/facial/tests/DatabaseFunctionsTest.php" tests="6" assertions="6" errors="0" warnings="0" failures="0" skipped="0" time="0.000239">
        <testcase name="testFacialInsertFaceMetadataWithValidData" class="DatabaseFunctionsTest" classname="DatabaseFunctionsTest" file="/opt/docker/tkf-piwigo-tkf-srv-01/www/plugins/facial/tests/DatabaseFunctionsTest.php" line="23" assertions="1" time="0.000049"/>
        <testcase name="testFacialInsertFaceMetadataWithZeroValues" class="DatabaseFunctionsTest" classname="DatabaseFunctionsTest" file="/opt/docker/tkf-piwigo-tkf-srv-01/www/plugins/facial/tests/DatabaseFunctionsTest.php" line="29" assertions="1" time="0.000037"/>
        <testcase name="testFacialInsertFaceMetadataWithMaxValues" class="DatabaseFunctionsTest" classname="DatabaseFunctionsTest" file="/opt/docker/tkf-piwigo-tkf-srv-01/www/plugins/facial/tests/DatabaseFunctionsTest.php" line="35" assertions="1" time="0.000036"/>
        <testcase name="testFacialInsertFaceMetadataWithNegativeImageId" class="DatabaseFunctionsTest" classname="DatabaseFunctionsTest" file="/opt/docker/tkf-piwigo-tkf-srv-01/www/plugins/facial/tests/DatabaseFunctionsTest.php" line="41" assertions="1" time="0.000036"/>
        <testcase name="testFacialInsertFaceMetadataWithFloatCoordinates" class="DatabaseFunctionsTest" classname="DatabaseFunctionsTest" file="/opt/docker/tkf-piwigo-tkf-srv-01/www/plugins/facial/tests/DatabaseFunctionsTest.php" line="48" assertions="1" time="0.000043"/>
        <testcase name="testFacialInsertFaceMetadataWithStringInputs" class="DatabaseFunctionsTest" classname="DatabaseFunctionsTest" file="/opt/docker/tkf-piwigo-tkf-srv-01/www/plugins/facial/tests/DatabaseFunctionsTest.php" line="55" assertions="1" time="0.000038"/>
      </testsuite>
      <testsuite name="EdgeCasesTest" file="/opt/docker/tkf-piwigo-tkf-srv-01/www/plugins/facial/tests/EdgeCasesTest.php" tests="15" assertions="22" errors="0" warnings="0" failures="0" skipped="2" time="0.001964">
        <testcase name="testConfigurationFunctionsWithNullConfig" class="EdgeCasesTest" classname="EdgeCasesTest" file="/opt/docker/tkf-piwigo-tkf-srv-01/www/plugins/facial/tests/EdgeCasesTest.php" line="24" assertions="4" time="0.000053"/>
        <testcase name="testConfigurationFunctionsWithInvalidSerializedData" class="EdgeCasesTest" classname="EdgeCasesTest" file="/opt/docker/tkf-piwigo-tkf-srv-01/www/plugins/facial/tests/EdgeCasesTest.php" line="35" assertions="4" time="0.000069"/>
        <testcase name="testFacialInsertFaceMetadataWithExtremeValues" class="EdgeCasesTest" classname="EdgeCasesTest" file="/opt/docker/tkf-piwigo-tkf-srv-01/www/plugins/facial/tests/EdgeCasesTest.php" line="53" assertions="1" time="0.000040"/>
        <testcase name="testFacialInsertFaceMetadataWithFloatValues" class="EdgeCasesTest" classname="EdgeCasesTest" file="/opt/docker/tkf-piwigo-tkf-srv-01/www/plugins/facial/tests/EdgeCasesTest.php" line="60" assertions="1" time="0.000032"/>
        <testcase name="testFacialApiBaseUrlWithComplexConfiguration" class="EdgeCasesTest" classname="EdgeCasesTest" file="/opt/docker/tkf-piwigo-tkf-srv-01/www/plugins/facial/tests/EdgeCasesTest.php" line="67" assertions="1" time="0.000216"/>
        <testcase name="testFacialApiBaseUrlWithArrayValues" class="EdgeCasesTest" classname="EdgeCasesTest" file="/opt/docker/tkf-piwigo-tkf-srv-01/www/plugins/facial/tests/EdgeCasesTest.php" line="80" assertions="0" time="0.000429">
          <skipped/>
        </testcase>
        <testcase name="testFacialAddTagToImageWithNullValues" class="EdgeCasesTest" classname="EdgeCasesTest" file="/opt/docker/tkf-piwigo-tkf-srv-01/www/plugins/facial/tests/EdgeCasesTest.php" line="96" assertions="1" time="0.000057"/>
        <testcase name="testFacialAddTagToImageWithBooleanValues" class="EdgeCasesTest" classname="EdgeCasesTest" file="/opt/docker/tkf-piwigo-tkf-srv-01/www/plugins/facial/tests/EdgeCasesTest.php" line="103" assertions="1" time="0.000042"/>
        <testcase name="testFacialAddTagToImageWithArrayValues" class="EdgeCasesTest" classname="EdgeCasesTest" file="/opt/docker/tkf-piwigo-tkf-srv-01/www/plugins/facial/tests/EdgeCasesTest.php" line="110" assertions="0" time="0.000045">
          <skipped/>
        </testcase>
        <testcase name="testConfigurationWithMixedDataTypes" class="EdgeCasesTest" classname="EdgeCasesTest" file="/opt/docker/tkf-piwigo-tkf-srv-01/www/plugins/facial/tests/EdgeCasesTest.php" line="119" assertions="4" time="0.000774"/>
        <testcase name="testFacialInsertFaceMetadataWithStringNumbers" class="EdgeCasesTest" classname="EdgeCasesTest" file="/opt/docker/tkf-piwigo-tkf-srv-01/www/plugins/facial/tests/EdgeCasesTest.php" line="144" assertions="1" time="0.000046"/>
        <testcase name="testFacialInsertFaceMetadataWithNonNumericStrings" class="EdgeCasesTest" classname="EdgeCasesTest" file="/opt/docker/tkf-piwigo-tkf-srv-01/www/plugins/facial/tests/EdgeCasesTest.php" line="151" assertions="1" time="0.000038"/>
        <testcase name="testFacialInsertFaceMetadataWithNullValues" class="EdgeCasesTest" classname="EdgeCasesTest" file="/opt/docker/tkf-piwigo-tkf-srv-01/www/plugins/facial/tests/EdgeCasesTest.php" line="158" assertions="1" time="0.000036"/>
        <testcase name="testFacialAddTagToImageWithVeryLongString" class="EdgeCasesTest" classname="EdgeCasesTest" file="/opt/docker/tkf-piwigo-tkf-srv-01/www/plugins/facial/tests/EdgeCasesTest.php" line="165" assertions="1" time="0.000044"/>
        <testcase name="testFacialAddTagToImageWithBinaryData" class="EdgeCasesTest" classname="EdgeCasesTest" file="/opt/docker/tkf-piwigo-tkf-srv-01/www/plugins/facial/tests/EdgeCasesTest.php" line="173" assertions="1" time="0.000042"/>
      </testsuite>
      <testsuite name="TaggingFunctionsTest" file="/opt/docker/tkf-piwigo-tkf-srv-01/www/plugins/facial/tests/TaggingFunctionsTest.php" tests="10" assertions="10" errors="0" warnings="0" failures="0" skipped="0" time="0.000333">
        <testcase name="testFacialAddTagToImageWithNewTag" class="TaggingFunctionsTest" classname="TaggingFunctionsTest" file="/opt/docker/tkf-piwigo-tkf-srv-01/www/plugins/facial/tests/TaggingFunctionsTest.php" line="22" assertions="1" time="0.000044"/>
        <testcase name="testFacialAddTagToImageWithExistingTag" class="TaggingFunctionsTest" classname="TaggingFunctionsTest" file="/opt/docker/tkf-piwigo-tkf-srv-01/www/plugins/facial/tests/TaggingFunctionsTest.php" line="28" assertions="1" time="0.000036"/>
        <testcase name="testFacialAddTagToImageWithEmptyTag" class="TaggingFunctionsTest" classname="TaggingFunctionsTest" file="/opt/docker/tkf-piwigo-tkf-srv-01/www/plugins/facial/tests/TaggingFunctionsTest.php" line="34" assertions="1" time="0.000032"/>
        <testcase name="testFacialAddTagToImageWithSpecialCharacters" class="TaggingFunctionsTest" classname="TaggingFunctionsTest" file="/opt/docker/tkf-piwigo-tkf-srv-01/www/plugins/facial/tests/TaggingFunctionsTest.php" line="40" assertions="1" time="0.000032"/>
        <testcase name="testFacialAddTagToImageWithLongTagName" class="TaggingFunctionsTest" classname="TaggingFunctionsTest" file="/opt/docker/tkf-piwigo-tkf-srv-01/www/plugins/facial/tests/TaggingFunctionsTest.php" line="46" assertions="1" time="0.000032"/>
        <testcase name="testFacialAddTagToImageWithZeroImageId" class="TaggingFunctionsTest" classname="TaggingFunctionsTest" file="/opt/docker/tkf-piwigo-tkf-srv-01/www/plugins/facial/tests/TaggingFunctionsTest.php" line="53" assertions="1" time="0.000032"/>
        <testcase name="testFacialAddTagToImageWithNegativeImageId" class="TaggingFunctionsTest" classname="TaggingFunctionsTest" file="/opt/docker/tkf-piwigo-tkf-srv-01/www/plugins/facial/tests/TaggingFunctionsTest.php" line="59" assertions="1" time="0.000031"/>
        <testcase name="testFacialAddTagToImageWithStringImageId" class="TaggingFunctionsTest" classname="TaggingFunctionsTest" file="/opt/docker/tkf-piwigo-tkf-srv-01/www/plugins/facial/tests/TaggingFunctionsTest.php" line="65" assertions="1" time="0.000033"/>
        <testcase name="testFacialAddTagToImageWithUnicodeTag" class="TaggingFunctionsTest" classname="TaggingFunctionsTest" file="/opt/docker/tkf-piwigo-tkf-srv-01/www/plugins/facial/tests/TaggingFunctionsTest.php" line="71" assertions="1" time="0.000031"/>
        <testcase name="testFacialAddTagToImageWithSqlInjectionAttempt" class="TaggingFunctionsTest" classname="TaggingFunctionsTest" file="/opt/docker/tkf-piwigo-tkf-srv-01/www/plugins/facial/tests/TaggingFunctionsTest.php" line="77" assertions="1" time="0.000031"/>
      </testsuite>
    </testsuite>
  </testsuite>
</testsuites>
